The request analysis.setContextRoots failed with the following error:
RequestErrorCode.PLUGIN_ERROR
Exception: Failed to run "pub get" in the client project:
Resolving dependencies...

Because custom_lint_client depends on redux_rxdart_lints from path which doesn't exist (could not find package redux_rxdart_lints at "g:/Base%20Project/Flutter-RxDart-Base/packages/redux_rxdart_lints"), version solving failed.

at:
#0      CustomLintWorkspace.runPubGet (package:custom_lint/src/workspace.dart:774:7)
<asynchronous suspension>
#1      CustomLintWorkspace.resolvePluginHost (package:custom_lint/src/workspace.dart:757:5)
<asynchronous suspension>
#2      SocketCustomLintServerToClientChannel._startProcess (package:custom_lint/src/v2/server_to_client_channel.dart:151:7)
<asynchronous suspension>
#3      SocketCustomLintServerToClientChannel.init (package:custom_lint/src/v2/server_to_client_channel.dart:111:21)
<asynchronous suspension>
#4      CustomLintServer._maybeSpawnCustomLintPlugin (package:custom_lint/src/v2/custom_lint_analyzer_plugin.dart:396:5)
<asynchronous suspension>
#5      CustomLintServer._handleAnalysisSetContextRoots.<anonymous closure> (package:custom_lint/src/v2/custom_lint_analyzer_plugin.dart:343:9)
<asynchronous suspension>
#6      PendingOperation.run (package:custom_lint/src/async_operation.dart:22:14)
<asynchronous suspension>
#7      CustomLintServer._handleRequest (package:custom_lint/src/v2/custom_lint_analyzer_plugin.dart:175:22)
<asynchronous suspension>

[custom_lint] 2026-10-05T18:24:37.969479 _PrettyRequestFailure: {"code":"PLUGIN_ERROR","message":"Exception: Failed to run \"pub get\" in the client project:\nResolving dependencies...\n\nBecause custom_lint_client depends on redux_rxdart_lints from path which doesn't exist (could not find package redux_rxdart_lints at \"g:/Base%20Project/Flutter-RxDart-Base/packages/redux_rxdart_lints\"), version solving failed.\n","stackTrace":"#0      CustomLintWorkspace.runPubGet (package:custom_lint/src/workspace.dart:774:7)\n<asynchronous suspension>\n#1      CustomLintWorkspace.resolvePluginHost (package:custom_lint/src/workspace.dart:757:5)\n<asynchronous suspension>\n#2      SocketCustomLintServerToClientChannel._startProcess (package:custom_lint/src/v2/server_to_client_channel.dart:151:7)\n<asynchronous suspension>\n#3      SocketCustomLintServerToClientChannel.init (package:custom_lint/src/v2/server_to_client_channel.dart:111:21)\n<asynchronous suspension>\n#4      CustomLintServer._maybeSpawnCustomLintPlugin (package:custom_lint/src/v2/custom_lint_analyzer_plugin.dart:396:5)\n<asynchronous suspension>\n#5      CustomLintServer._handleAnalysisSetContextRoots.<anonymous closure> (package:custom_lint/src/v2/custom_lint_analyzer_plugin.dart:343:9)\n<asynchronous suspension>\n#6      PendingOperation.run (package:custom_lint/src/async_operation.dart:22:14)\n<asynchronous suspension>\n#7      CustomLintServer._handleRequest (package:custom_lint/src/v2/custom_lint_analyzer_plugin.dart:175:22)\n<asynchronous suspension>\n"}
[custom_lint] 2026-10-05T18:24:37.969479 #0      ChannelBase.sendRequest (package:custom_lint/src/server_isolate_channel.dart:82:7)
[custom_lint] 2026-10-05T18:24:37.969479 <asynchronous suspension>
[custom_lint] 2026-10-05T18:24:37.969479 #1      CustomLintRunner.initialize.<anonymous closure> (package:custom_lint/src/runner.dart:41:5)
[custom_lint] 2026-10-05T18:24:37.969479 <asynchronous suspension>
[custom_lint] 2026-10-05T18:24:37.969479 #2      _runServer.<anonymous closure> (package:custom_lint/custom_lint.dart:96:7)
[custom_lint] 2026-10-05T18:24:37.969479 <asynchronous suspension>
[custom_lint] 2026-10-05T18:24:37.969479 #3      _AsyncCompleter.complete (dart:async/future_impl.dart:96:3)
[custom_lint] 2026-10-05T18:24:37.969479 <asynchronous suspension>
[custom_lint] 2026-10-05T18:24:37.969479 #4      _runServer.<anonymous closure> (package:custom_lint/custom_lint.dart:126:19)
[custom_lint] 2026-10-05T18:24:37.969479 <asynchronous suspension>
[custom_lint] 2026-10-05T18:24:37.969479 #5      _runServer (package:custom_lint/custom_lint.dart:86:3)
[custom_lint] 2026-10-05T18:24:37.969479 <asynchronous suspension>
[custom_lint] 2026-10-05T18:24:37.969479 #6      customLint (package:custom_lint/custom_lint.dart:50:5)
[custom_lint] 2026-10-05T18:24:37.969479 <asynchronous suspension>
[custom_lint] 2026-10-05T18:24:37.969479 #7      entrypoint (file:///G:/PubCache/hosted/pub.dev/custom_lint-0.8.1/bin/custom_lint.dart:68:3)
[custom_lint] 2026-10-05T18:24:37.969479 <asynchronous suspension>
[custom_lint] 2026-10-05T18:24:37.969479 #8      main (file:///G:/PubCache/hosted/pub.dev/custom_lint-0.8.1/bin/custom_lint.dart:80:5)
[custom_lint] 2026-10-05T18:24:37.969479 <asynchronous suspension>
[custom_lint] 2026-10-05T18:24:37.969479
